<?xml version="1.0" encoding="utf-8"?>
<TestRun id="7fb64ecc-7ca2-44cc-aeef-068a4b4ae726" name="sbatt@LITTLE_BEAST 2026-01-22 20:25:51" runUser="LITTLE_BEAST\sbatt" xmlns="http://microsoft.com/schemas/VisualStudio/TeamTest/2010">
  <Times creation="2026-01-22T20:25:51.1386602+01:00" queuing="2026-01-22T20:25:51.1386603+01:00" start="2026-01-22T20:25:49.9377085+01:00" finish="2026-01-22T20:25:51.4286457+01:00" />
  <TestSettings name="default" id="8f8e0856-a34f-4b83-b034-c0a69d425e6f">
    <Deployment runDeploymentRoot="sbatt_LITTLE_BEAST_2026-01-22_20_25_51" />
  </TestSettings>
  <Results>
    <UnitTestResult executionId="7d80edc6-dafc-4328-ac1b-4c0683c1918a" testId="752133f3-9301-dcc1-abd3-d209d41cc939" testName="USBDeviceManager.Tests.Unit.SimRacingContextTests.UsbDevice_UniqueDeviceId_ShouldEnforceConstraint" computerName="LITTLE_BEAST" duration="00:00:00.0108818" startTime="2026-01-22T20:25:51.0689009+01:00" endTime="2026-01-22T20:25:51.0689010+01:00" testType="13cdc9d9-ddb5-4fa4-a97d-d965ccfc6d4b" outcome="Passed" testListId="8c84fa94-04c1-424b-9868-57a2d4851a1d" relativeResultsDirectory="7d80edc6-dafc-4328-ac1b-4c0683c1918a" />
    <UnitTestResult executionId="7a0920e5-fa2b-4bec-bf2b-4ddcec08c853" testId="89bafb1a-9f4d-5471-245f-aa81225c0bc1" testName="USBDeviceManager.Tests.Unit.DevicesControllerTests.UpdateDevice_WithValidData_ShouldUpdateSuccessfully" computerName="LITTLE_BEAST" duration="00:00:00.0007104" startTime="2026-01-22T20:25:51.3829096+01:00" endTime="2026-01-22T20:25:51.3829097+01:00" testType="13cdc9d9-ddb5-4fa4-a97d-d965ccfc6d4b" outcome="Passed" testListId="8c84fa94-04c1-424b-9868-57a2d4851a1d" relativeResultsDirectory="7a0920e5-fa2b-4bec-bf2b-4ddcec08c853" />
    <UnitTestResult executionId="15db293d-ddf1-45fd-946b-5073ef2ffa6f" testId="d79e71f7-b631-4aad-1118-906af570de45" testName="USBDeviceManager.Tests.Unit.DevicesControllerTests.CreateDevice_WithInvalidName_ShouldHandleValidationError(invalidName: null)" computerName="LITTLE_BEAST" duration="00:00:00.0018716" startTime="2026-01-22T20:25:51.3759819+01:00" endTime="2026-01-22T20:25:51.3759820+01:00" testType="13cdc9d9-ddb5-4fa4-a97d-d965ccfc6d4b" outcome="Passed" testListId="8c84fa94-04c1-424b-9868-57a2d4851a1d" relativeResultsDirectory="15db293d-ddf1-45fd-946b-5073ef2ffa6f" />
    <UnitTestResult executionId="4b9c89b7-89b8-49a3-be3d-1b75413b47d0" testId="48dd7249-92a0-4a7a-6c43-cdb1f540ec07" testName="USBDeviceManager.Tests.Unit.DevicesControllerTests.GetDeviceStatus_WithExistingStatus_ShouldReturnLatestStatus" computerName="LITTLE_BEAST" duration="00:00:00.0055338" startTime="2026-01-22T20:25:51.3740644+01:00" endTime="2026-01-22T20:25:51.3740648+01:00" testType="13cdc9d9-ddb5-4fa4-a97d-d965ccfc6d4b" outcome="Passed" testListId="8c84fa94-04c1-424b-9868-57a2d4851a1d" relativeResultsDirectory="4b9c89b7-89b8-49a3-be3d-1b75413b47d0" />
    <UnitTestResult executionId="5f079a36-3cff-49d2-b042-f70a6b805fbe" testId="4d313015-194c-2c15-b8fc-b349d2d65c4b" testName="USBDeviceManager.Tests.Unit.DevicesControllerTests.ToggleDevice_WithValidDevice_ShouldUpdateEnabledState" computerName="LITTLE_BEAST" duration="00:00:00.0138693" startTime="2026-01-22T20:25:51.3507438+01:00" endTime="2026-01-22T20:25:51.3507439+01:00" testType="13cdc9d9-ddb5-4fa4-a97d-d965ccfc6d4b" outcome="Passed" testListId="8c84fa94-04c1-424b-9868-57a2d4851a1d" relativeResultsDirectory="5f079a36-3cff-49d2-b042-f70a6b805fbe" />
    <UnitTestResult executionId="7554394d-5c48-4c61-8178-2fb4e1384a0c" testId="87f1b0b9-2b70-a7e4-83ed-8d6c0cec1764" testName="USBDeviceManager.Tests.Unit.DevicesControllerTests.ScanForDevices_ShouldReturnSuccessResponse" computerName="LITTLE_BEAST" duration="00:00:00.0014299" startTime="2026-01-22T20:25:51.3790242+01:00" endTime="2026-01-22T20:25:51.3790242+01:00" testType="13cdc9d9-ddb5-4fa4-a97d-d965ccfc6d4b" outcome="Passed" testListId="8c84fa94-04c1-424b-9868-57a2d4851a1d" relativeResultsDirectory="7554394d-5c48-4c61-8178-2fb4e1384a0c" />
    <UnitTestResult executionId="df32e13e-6791-4a23-b130-06275f068e4a" testId="b1dad546-500d-cd56-ee42-50d78ac58dbc" testName="USBDeviceManager.Tests.Unit.SimRacingContextTests.DeviceStatus_TimestampIndexing_ShouldSupportTimeRangeQueries" computerName="LITTLE_BEAST" duration="00:00:00.0447628" startTime="2026-01-22T20:25:51.0497245+01:00" endTime="2026-01-22T20:25:51.0497246+01:00" testType="13cdc9d9-ddb5-4fa4-a97d-d965ccfc6d4b" outcome="Passed" testListId="8c84fa94-04c1-424b-9868-57a2d4851a1d" relativeResultsDirectory="df32e13e-6791-4a23-b130-06275f068e4a" />
    <UnitTestResult executionId="02c59c64-537a-4a28-a812-fd358424e4bc" testId="66a31e2c-83cb-80a2-ffb5-d821c399229b" testName="USBDeviceManager.Tests.Unit.SimRacingContextTests.AutomationRule_ValidTriggerActionCombinations_ShouldPersistCorrectly(trigger: DeviceDisconnected, action: StopSoftware)" computerName="LITTLE_BEAST" duration="00:00:00.0064313" startTime="2026-01-22T20:25:50.8653776+01:00" endTime="2026-01-22T20:25:50.8653777+01:00" testType="13cdc9d9-ddb5-4fa4-a97d-d965ccfc6d4b" outcome="Passed" testListId="8c84fa94-04c1-424b-9868-57a2d4851a1d" relativeResultsDirectory="02c59c64-537a-4a28-a812-fd358424e4bc" />
    <UnitTestResult executionId="1afd3561-c169-4fe4-9e63-3616369f0fc0" testId="ced52e83-96b5-9909-989d-25eb4ce217f9" testName="USBDeviceManager.Tests.Unit.SimRacingContextTests.SystemStatus_MultipleEntries_ShouldStoreChronologically" computerName="LITTLE_BEAST" duration="00:00:00.1393463" startTime="2026-01-22T20:25:51.0048797+01:00" endTime="2026-01-22T20:25:51.0048798+01:00" testType="13cdc9d9-ddb5-4fa4-a97d-d965ccfc6d4b" outcome="Passed" testListId="8c84fa94-04c1-424b-9868-57a2d4851a1d" relativeResultsDirectory="1afd3561-c169-4fe4-9e63-3616369f0fc0" />
    <UnitTestResult executionId="fa2a0a12-0ec4-49e3-9bb9-f0334102640b" testId="9fe1b9c4-ef45-0b6f-5097-63e9435ad4df" testName="USBDeviceManager.Tests.Unit.DevicesControllerTests.GetDeviceStatusHistory_WithLargeTimeRange_ShouldHandlePerformanceGracefully" computerName="LITTLE_BEAST" duration="00:00:00.0077138" startTime="2026-01-22T20:25:51.3684861+01:00" endTime="2026-01-22T20:25:51.3684863+01:00" testType="13cdc9d9-ddb5-4fa4-a97d-d965ccfc6d4b" outcome="Passed" testListId="8c84fa94-04c1-424b-9868-57a2d4851a1d" relativeResultsDirectory="fa2a0a12-0ec4-49e3-9bb9-f0334102640b" />
    <UnitTestResult executionId="87b78561-c5ff-42c2-9a1d-11161e8ac658" testId="6ad19d2e-a5a2-77e2-d835-2be38a21fbe5" testName="USBDeviceManager.Tests.Unit.SimRacingContextTests.HealthMetric_DifferentSources_ShouldGroupByMetricName" computerName="LITTLE_BEAST" duration="00:00:00.0195758" startTime="2026-01-22T20:25:51.1079960+01:00" endTime="2026-01-22T20:25:51.1079961+01:00" testType="13cdc9d9-ddb5-4fa4-a97d-d965ccfc6d4b" outcome="Passed" testListId="8c84fa94-04c1-424b-9868-57a2d4851a1d" relativeResultsDirectory="87b78561-c5ff-42c2-9a1d-11161e8ac658" />
    <UnitTestResult executionId="f0179237-1b12-40db-9bdd-568ba0c032ac" testId="c07b4c16-1b49-3471-966b-a99d04304369" testName="USBDeviceManager.Tests.Unit.DevicesControllerTests.DeleteDevice_WithInvalidId_ShouldReturnNotFound" computerName="LITTLE_BEAST" duration="00:00:00.0020322" startTime="2026-01-22T20:25:51.3607278+01:00" endTime="2026-01-22T20:25:51.3607278+01:00" testType="13cdc9d9-ddb5-4fa4-a97d-d965ccfc6d4b" outcome="Passed" testListId="8c84fa94-04c1-424b-9868-57a2d4851a1d" relativeResultsDirectory="f0179237-1b12-40db-9bdd-568ba0c032ac" />
    <UnitTestResult executionId="b376377e-ddd1-43ae-a2ca-32b0a73d444a" testId="7f78dc9e-dca3-2220-bd77-eeade20ce57a" testName="USBDeviceManager.Tests.Unit.DevicesControllerTests.ToggleDevice_WithInvalidDevice_ShouldReturnNotFound" computerName="LITTLE_BEAST" duration="00:00:00.0005509" startTime="2026-01-22T20:25:51.3775588+01:00" endTime="2026-01-22T20:25:51.3775589+01:00" testType="13cdc9d9-ddb5-4fa4-a97d-d965ccfc6d4b" outcome="Passed" testListId="8c84fa94-04c1-424b-9868-57a2d4851a1d" relativeResultsDirectory="b376377e-ddd1-43ae-a2ca-32b0a73d444a" />
    <UnitTestResult executionId="6b03193e-5a73-49cc-bbde-1b4347d0d7e5" testId="57943011-683c-d008-e817-e7739d5b7bbb" testName="USBDeviceManager.Tests.Unit.DevicesControllerTests.CreateDevice_WithValidDevice_ShouldCreateSuccessfully" computerName="LITTLE_BEAST" duration="00:00:00.0008157" startTime="2026-01-22T20:25:51.3844364+01:00" endTime="2026-01-22T20:25:51.3844365+01:00" testType="13cdc9d9-ddb5-4fa4-a97d-d965ccfc6d4b" outcome="Passed" testListId="8c84fa94-04c1-424b-9868-57a2d4851a1d" relativeResultsDirectory="6b03193e-5a73-49cc-bbde-1b4347d0d7e5" />
    <UnitTestResult executionId="3ddad634-bd42-4bd0-aab4-c5e23c671a8e" testId="9996432f-8d01-ebc3-ef1e-714693e03c4d" testName="USBDeviceManager.Tests.Unit.DevicesControllerTests.DeleteDevice_WithValidId_ShouldDeleteSuccessfully" computerName="LITTLE_BEAST" duration="00:00:00.0010472" startTime="2026-01-22T20:25:51.3816093+01:00" endTime="2026-01-22T20:25:51.3816094+01:00" testType="13cdc9d9-ddb5-4fa4-a97d-d965ccfc6d4b" outcome="Passed" testListId="8c84fa94-04c1-424b-9868-57a2d4851a1d" relativeResultsDirectory="3ddad634-bd42-4bd0-aab4-c5e23c671a8e" />
    <UnitTestResult executionId="fd0c8a57-6d5d-425e-b006-6c7b97d476e2" testId="098cb17d-e2b2-5267-5d78-712bff861267" testName="USBDeviceManager.Tests.Unit.SimRacingContextTests.AutomationRule_ValidTriggerActionCombinations_ShouldPersistCorrectly(trigger: DeviceConnected, action: StartSoftware)" computerName="LITTLE_BEAST" duration="00:00:00.0200639" startTime="2026-01-22T20:25:50.8255268+01:00" endTime="2026-01-22T20:25:50.8255270+01:00" testType="13cdc9d9-ddb5-4fa4-a97d-d965ccfc6d4b" outcome="Passed" testListId="8c84fa94-04c1-424b-9868-57a2d4851a1d" relativeResultsDirectory="fd0c8a57-6d5d-425e-b006-6c7b97d476e2" />
    <UnitTestResult executionId="bbd7c4c2-2436-4dc7-98ad-eeeed6a9499b" testId="169ca4b2-e1ad-d05f-efb3-4af03e43c044" testName="USBDeviceManager.Tests.Unit.SimRacingContextTests.DeviceStatus_CascadeDelete_ShouldRemoveStatusesWhenDeviceDeleted" computerName="LITTLE_BEAST" duration="00:00:00.0194013" startTime="2026-01-22T20:25:51.0883565+01:00" endTime="2026-01-22T20:25:51.0883567+01:00" testType="13cdc9d9-ddb5-4fa4-a97d-d965ccfc6d4b" outcome="Passed" testListId="8c84fa94-04c1-424b-9868-57a2d4851a1d" relativeResultsDirectory="bbd7c4c2-2436-4dc7-98ad-eeeed6a9499b" />
    <UnitTestResult executionId="f71ab67f-5359-48c8-8c7f-261097597a34" testId="35f978ee-9e64-2588-7a60-cea7cc4d8e2a" testName="USBDeviceManager.Tests.Unit.SimRacingContextTests.AutomationRule_ValidTriggerActionCombinations_ShouldPersistCorrectly(trigger: Manual, action: SendNotification)" computerName="LITTLE_BEAST" duration="00:00:00.0333477" startTime="2026-01-22T20:25:50.8588956+01:00" endTime="2026-01-22T20:25:50.8588957+01:00" testType="13cdc9d9-ddb5-4fa4-a97d-d965ccfc6d4b" outcome="Passed" testListId="8c84fa94-04c1-424b-9868-57a2d4851a1d" relativeResultsDirectory="f71ab67f-5359-48c8-8c7f-261097597a34" />
    <UnitTestResult executionId="769bd51c-3404-4112-8c49-dc01e81d09a7" testId="9ac3d203-a2da-300d-dac1-b1011d17ce5a" testName="USBDeviceManager.Tests.Unit.DevicesControllerTests.UpdateDevice_WithMismatchedId_ShouldReturnBadRequest" computerName="LITTLE_BEAST" duration="00:00:00.0005235" startTime="2026-01-22T20:25:51.3821570+01:00" endTime="2026-01-22T20:25:51.3821571+01:00" testType="13cdc9d9-ddb5-4fa4-a97d-d965ccfc6d4b" outcome="Passed" testListId="8c84fa94-04c1-424b-9868-57a2d4851a1d" relativeResultsDirectory="769bd51c-3404-4112-8c49-dc01e81d09a7" />
    <UnitTestResult executionId="eee4e3e9-ae26-40c0-a804-ad519d0092fc" testId="7fce1116-eee6-8bbf-d272-1140bf7b3e2c" testName="USBDeviceManager.Tests.Unit.SimRacingContextTests.AddUsbDevice_ShouldCreateDeviceSuccessfully" computerName="LITTLE_BEAST" duration="00:00:00.0081929" startTime="2026-01-22T20:25:51.0579697+01:00" endTime="2026-01-22T20:25:51.0579699+01:00" testType="13cdc9d9-ddb5-4fa4-a97d-d965ccfc6d4b" outcome="Passed" testListId="8c84fa94-04c1-424b-9868-57a2d4851a1d" relativeResultsDirectory="eee4e3e9-ae26-40c0-a804-ad519d0092fc" />
    <UnitTestResult executionId="7cd75f29-ab6e-4bb7-b1e3-1dabbcb47976" testId="3577e245-324e-33c4-1008-069c2b1446a3" testName="USBDeviceManager.Tests.Unit.DevicesControllerTests.GetDevices_WithNoDevices_ShouldReturnEmptyList" computerName="LITTLE_BEAST" duration="00:00:00.0005196" startTime="2026-01-22T20:25:51.3795706+01:00" endTime="2026-01-22T20:25:51.3795707+01:00" testType="13cdc9d9-ddb5-4fa4-a97d-d965ccfc6d4b" outcome="Passed" testListId="8c84fa94-04c1-424b-9868-57a2d4851a1d" relativeResultsDirectory="7cd75f29-ab6e-4bb7-b1e3-1dabbcb47976" />
    <UnitTestResult executionId="2100ee07-5caa-4a88-9f6f-305376840f7d" testId="68a205d8-ee11-30f5-8f98-eea37a2e1ff9" testName="USBDeviceManager.Tests.Unit.SimRacingContextTests.AutomationRule_WithDeviceAndSoftwareReferences_ShouldMaintainRelationships" computerName="LITTLE_BEAST" duration="00:00:00.0435453" startTime="2026-01-22T20:25:51.1515946+01:00" endTime="2026-01-22T20:25:51.1515947+01:00" testType="13cdc9d9-ddb5-4fa4-a97d-d965ccfc6d4b" outcome="Passed" testListId="8c84fa94-04c1-424b-9868-57a2d4851a1d" relativeResultsDirectory="2100ee07-5caa-4a88-9f6f-305376840f7d" />
    <UnitTestResult executionId="b3270921-d1bf-4a83-a4a1-3e57ab300b35" testId="6215f624-50bc-e02b-aa25-8a2b79fe3900" testName="USBDeviceManager.Tests.Unit.DevicesControllerTests.GetDevices_WithMultipleDevices_ShouldReturnAllDevices" computerName="LITTLE_BEAST" duration="00:00:00.1155529" startTime="2026-01-22T20:25:51.2964181+01:00" endTime="2026-01-22T20:25:51.2964183+01:00" testType="13cdc9d9-ddb5-4fa4-a97d-d965ccfc6d4b" outcome="Passed" testListId="8c84fa94-04c1-424b-9868-57a2d4851a1d" relativeResultsDirectory="b3270921-d1bf-4a83-a4a1-3e57ab300b35" />
    <UnitTestResult executionId="cca33e09-2bcd-4af4-9053-e3f760d1207c" testId="1ec54255-633f-fd54-587f-350cc5bf77ca" testName="USBDeviceManager.Tests.Unit.DevicesControllerTests.GetDeviceStatus_WithNoStatus_ShouldReturnNotFound" computerName="LITTLE_BEAST" duration="00:00:00.0006297" startTime="2026-01-22T20:25:51.3836186+01:00" endTime="2026-01-22T20:25:51.3836189+01:00" testType="13cdc9d9-ddb5-4fa4-a97d-d965ccfc6d4b" outcome="Passed" testListId="8c84fa94-04c1-424b-9868-57a2d4851a1d" relativeResultsDirectory="cca33e09-2bcd-4af4-9053-e3f760d1207c" />
    <UnitTestResult executionId="55c5be06-c1c6-4389-9371-8625a48136ec" testId="9a918b46-5485-38e1-6195-d63ff70e4cb3" testName="USBDeviceManager.Tests.Unit.DevicesControllerTests.CreateDevice_WithInvalidName_ShouldHandleValidationError(invalidName: &quot;&quot;)" computerName="LITTLE_BEAST" duration="00:00:00.0009482" startTime="2026-01-22T20:25:51.3769624+01:00" endTime="2026-01-22T20:25:51.3769624+01:00" testType="13cdc9d9-ddb5-4fa4-a97d-d965ccfc6d4b" outcome="Passed" testListId="8c84fa94-04c1-424b-9868-57a2d4851a1d" relativeResultsDirectory="55c5be06-c1c6-4389-9371-8625a48136ec" />
    <UnitTestResult executionId="bbfb8608-b90c-4e9f-8a66-06e1dc1769b3" testId="a757b74b-5eb6-6ff1-0405-604fe3022a30" testName="USBDeviceManager.Tests.Unit.SimRacingContextTests.RuleExecution_CascadeDelete_ShouldRemoveExecutionsWhenRuleDeleted" computerName="LITTLE_BEAST" duration="00:00:00.0158610" startTime="2026-01-22T20:25:51.1675123+01:00" endTime="2026-01-22T20:25:51.1675125+01:00" testType="13cdc9d9-ddb5-4fa4-a97d-d965ccfc6d4b" outcome="Passed" testListId="8c84fa94-04c1-424b-9868-57a2d4851a1d" relativeResultsDirectory="bbfb8608-b90c-4e9f-8a66-06e1dc1769b3" />
    <UnitTestResult executionId="4e9b1533-0266-426e-b0e3-288b4c1d0fc0" testId="7cb87aea-7170-76dc-3fe3-a772230ccea6" testName="USBDeviceManager.Tests.Unit.SimRacingContextTests.ManagedSoftware_RequiredFields_ShouldEnforceValidation" computerName="LITTLE_BEAST" duration="00:00:00.0089729" startTime="2026-01-22T20:25:51.1765409+01:00" endTime="2026-01-22T20:25:51.1765410+01:00" testType="13cdc9d9-ddb5-4fa4-a97d-d965ccfc6d4b" outcome="Passed" testListId="8c84fa94-04c1-424b-9868-57a2d4851a1d" relativeResultsDirectory="4e9b1533-0266-426e-b0e3-288b4c1d0fc0" />
    <UnitTestResult executionId="83acc6e2-d774-4f6d-b47f-929df4abde50" testId="1c1c5e0d-8238-1688-2379-47cd29febe69" testName="USBDeviceManager.Tests.Unit.SimRacingContextTests.AutomationRule_ValidTriggerActionCombinations_ShouldPersistCorrectly(trigger: SystemStartup, action: RunScript)" computerName="LITTLE_BEAST" duration="00:00:00.4997164" startTime="2026-01-22T20:25:50.8059502+01:00" endTime="2026-01-22T20:25:50.8059606+01:00" testType="13cdc9d9-ddb5-4fa4-a97d-d965ccfc6d4b" outcome="Passed" testListId="8c84fa94-04c1-424b-9868-57a2d4851a1d" relativeResultsDirectory="83acc6e2-d774-4f6d-b47f-929df4abde50" />
    <UnitTestResult executionId="e9e20071-4e15-4769-8995-32dde0e757cd" testId="0c4271a2-bc44-cc77-95ca-260e4b31813c" testName="USBDeviceManager.Tests.Unit.DevicesControllerTests.GetDeviceStatusHistory_WithCustomTimeRange_ShouldFilterCorrectly" computerName="LITTLE_BEAST" duration="00:00:00.0337495" startTime="2026-01-22T20:25:51.3368260+01:00" endTime="2026-01-22T20:25:51.3368261+01:00" testType="13cdc9d9-ddb5-4fa4-a97d-d965ccfc6d4b" outcome="Passed" testListId="8c84fa94-04c1-424b-9868-57a2d4851a1d" relativeResultsDirectory="e9e20071-4e15-4769-8995-32dde0e757cd" />
    <UnitTestResult executionId="afc8f0b1-6320-415b-8074-57367f73021a" testId="406d650e-8af5-b5ed-34f1-6010e3d56165" testName="USBDeviceManager.Tests.Unit.DevicesControllerTests.UpdateDevice_WithNonExistentDevice_ShouldReturnNotFound" computerName="LITTLE_BEAST" duration="00:00:00.0009202" startTime="2026-01-22T20:25:51.3805405+01:00" endTime="2026-01-22T20:25:51.3805406+01:00" testType="13cdc9d9-ddb5-4fa4-a97d-d965ccfc6d4b" outcome="Passed" testListId="8c84fa94-04c1-424b-9868-57a2d4851a1d" relativeResultsDirectory="afc8f0b1-6320-415b-8074-57367f73021a" />
    <UnitTestResult executionId="cd43e390-c23b-4737-b053-d8f14f712038" testId="e7ea919c-cf75-b430-b71c-f75f864707f6" testName="USBDeviceManager.Tests.Unit.DevicesControllerTests.GetDevice_WithValidId_ShouldReturnDevice" computerName="LITTLE_BEAST" duration="00:00:00.0065385" startTime="2026-01-22T20:25:51.3030200+01:00" endTime="2026-01-22T20:25:51.3030202+01:00" testType="13cdc9d9-ddb5-4fa4-a97d-d965ccfc6d4b" outcome="Passed" testListId="8c84fa94-04c1-424b-9868-57a2d4851a1d" relativeResultsDirectory="cd43e390-c23b-4737-b053-d8f14f712038" />
    <UnitTestResult executionId="8545c998-5946-4f7b-8ae9-d2fd9f187668" testId="4cadfce5-dfb9-f81b-0695-40b2b2e617e8" testName="USBDeviceManager.Tests.Unit.DevicesControllerTests.GetDevice_WithInvalidId_ShouldReturnNotFound" computerName="LITTLE_BEAST" duration="00:00:00.0078644" startTime="2026-01-22T20:25:51.3586513+01:00" endTime="2026-01-22T20:25:51.3586513+01:00" testType="13cdc9d9-ddb5-4fa4-a97d-d965ccfc6d4b" outcome="Passed" testListId="8c84fa94-04c1-424b-9868-57a2d4851a1d" relativeResultsDirectory="8545c998-5946-4f7b-8ae9-d2fd9f187668" />
  </Results>
  <TestDefinitions>
    <UnitTest name="USBDeviceManager.Tests.Unit.DevicesControllerTests.DeleteDevice_WithValidId_ShouldDeleteSuccessfully" storage="e:\workspaces\git\simracing\usbdevicemanager\server\usbdevicemanager.tests\bin\debug\net8.0\usbdevicemanager.tests.dll" id="9996432f-8d01-ebc3-ef1e-714693e03c4d">
      <Execution id="3ddad634-bd42-4bd0-aab4-c5e23c671a8e" />
      <TestMethod codeBase="E:\Workspaces\Git\SimRacing\USBDeviceManager\server\USBDeviceManager.Tests\bin\Debug\net8.0\USBDeviceManager.Tests.dll" adapterTypeName="executor://xunit/VsTestRunner2/netcoreapp" className="USBDeviceManager.Tests.Unit.DevicesControllerTests" name="DeleteDevice_WithValidId_ShouldDeleteSuccessfully" />
    </UnitTest>
    <UnitTest name="USBDeviceManager.Tests.Unit.DevicesControllerTests.CreateDevice_WithValidDevice_ShouldCreateSuccessfully" storage="e:\workspaces\git\simracing\usbdevicemanager\server\usbdevicemanager.tests\bin\debug\net8.0\usbdevicemanager.tests.dll" id="57943011-683c-d008-e817-e7739d5b7bbb">
      <Execution id="6b03193e-5a73-49cc-bbde-1b4347d0d7e5" />
      <TestMethod codeBase="E:\Workspaces\Git\SimRacing\USBDeviceManager\server\USBDeviceManager.Tests\bin\Debug\net8.0\USBDeviceManager.Tests.dll" adapterTypeName="executor://xunit/VsTestRunner2/netcoreapp" className="USBDeviceManager.Tests.Unit.DevicesControllerTests" name="CreateDevice_WithValidDevice_ShouldCreateSuccessfully" />
    </UnitTest>
    <UnitTest name="USBDeviceManager.Tests.Unit.DevicesControllerTests.GetDevice_WithValidId_ShouldReturnDevice" storage="e:\workspaces\git\simracing\usbdevicemanager\server\usbdevicemanager.tests\bin\debug\net8.0\usbdevicemanager.tests.dll" id="e7ea919c-cf75-b430-b71c-f75f864707f6">
      <Execution id="cd43e390-c23b-4737-b053-d8f14f712038" />
      <TestMethod codeBase="E:\Workspaces\Git\SimRacing\USBDeviceManager\server\USBDeviceManager.Tests\bin\Debug\net8.0\USBDeviceManager.Tests.dll" adapterTypeName="executor://xunit/VsTestRunner2/netcoreapp" className="USBDeviceManager.Tests.Unit.DevicesControllerTests" name="GetDevice_WithValidId_ShouldReturnDevice" />
    </UnitTest>
    <UnitTest name="USBDeviceManager.Tests.Unit.DevicesControllerTests.GetDevices_WithNoDevices_ShouldReturnEmptyList" storage="e:\workspaces\git\simracing\usbdevicemanager\server\usbdevicemanager.tests\bin\debug\net8.0\usbdevicemanager.tests.dll" id="3577e245-324e-33c4-1008-069c2b1446a3">
      <Execution id="7cd75f29-ab6e-4bb7-b1e3-1dabbcb47976" />
      <TestMethod codeBase="E:\Workspaces\Git\SimRacing\USBDeviceManager\server\USBDeviceManager.Tests\bin\Debug\net8.0\USBDeviceManager.Tests.dll" adapterTypeName="executor://xunit/VsTestRunner2/netcoreapp" className="USBDeviceManager.Tests.Unit.DevicesControllerTests" name="GetDevices_WithNoDevices_ShouldReturnEmptyList" />
    </UnitTest>
    <UnitTest name="USBDeviceManager.Tests.Unit.DevicesControllerTests.GetDeviceStatusHistory_WithLargeTimeRange_ShouldHandlePerformanceGracefully" storage="e:\workspaces\git\simracing\usbdevicemanager\server\usbdevicemanager.tests\bin\debug\net8.0\usbdevicemanager.tests.dll" id="9fe1b9c4-ef45-0b6f-5097-63e9435ad4df">
      <Execution id="fa2a0a12-0ec4-49e3-9bb9-f0334102640b" />
      <TestMethod codeBase="E:\Workspaces\Git\SimRacing\USBDeviceManager\server\USBDeviceManager.Tests\bin\Debug\net8.0\USBDeviceManager.Tests.dll" adapterTypeName="executor://xunit/VsTestRunner2/netcoreapp" className="USBDeviceManager.Tests.Unit.DevicesControllerTests" name="GetDeviceStatusHistory_WithLargeTimeRange_ShouldHandlePerformanceGracefully" />
    </UnitTest>
    <UnitTest name="USBDeviceManager.Tests.Unit.SimRacingContextTests.AutomationRule_ValidTriggerActionCombinations_ShouldPersistCorrectly(trigger: Manual, action: SendNotification)" storage="e:\workspaces\git\simracing\usbdevicemanager\server\usbdevicemanager.tests\bin\debug\net8.0\usbdevicemanager.tests.dll" id="35f978ee-9e64-2588-7a60-cea7cc4d8e2a">
      <Execution id="f71ab67f-5359-48c8-8c7f-261097597a34" />
      <TestMethod codeBase="E:\Workspaces\Git\SimRacing\USBDeviceManager\server\USBDeviceManager.Tests\bin\Debug\net8.0\USBDeviceManager.Tests.dll" adapterTypeName="executor://xunit/VsTestRunner2/netcoreapp" className="USBDeviceManager.Tests.Unit.SimRacingContextTests" name="AutomationRule_ValidTriggerActionCombinations_ShouldPersistCorrectly" />
    </UnitTest>
    <UnitTest name="USBDeviceManager.Tests.Unit.DevicesControllerTests.UpdateDevice_WithMismatchedId_ShouldReturnBadRequest" storage="e:\workspaces\git\simracing\usbdevicemanager\server\usbdevicemanager.tests\bin\debug\net8.0\usbdevicemanager.tests.dll" id="9ac3d203-a2da-300d-dac1-b1011d17ce5a">
      <Execution id="769bd51c-3404-4112-8c49-dc01e81d09a7" />
      <TestMethod codeBase="E:\Workspaces\Git\SimRacing\USBDeviceManager\server\USBDeviceManager.Tests\bin\Debug\net8.0\USBDeviceManager.Tests.dll" adapterTypeName="executor://xunit/VsTestRunner2/netcoreapp" className="USBDeviceManager.Tests.Unit.DevicesControllerTests" name="UpdateDevice_WithMismatchedId_ShouldReturnBadRequest" />
    </UnitTest>
    <UnitTest name="USBDeviceManager.Tests.Unit.DevicesControllerTests.GetDevice_WithInvalidId_ShouldReturnNotFound" storage="e:\workspaces\git\simracing\usbdevicemanager\server\usbdevicemanager.tests\bin\debug\net8.0\usbdevicemanager.tests.dll" id="4cadfce5-dfb9-f81b-0695-40b2b2e617e8">
      <Execution id="8545c998-5946-4f7b-8ae9-d2fd9f187668" />
      <TestMethod codeBase="E:\Workspaces\Git\SimRacing\USBDeviceManager\server\USBDeviceManager.Tests\bin\Debug\net8.0\USBDeviceManager.Tests.dll" adapterTypeName="executor://xunit/VsTestRunner2/netcoreapp" className="USBDeviceManager.Tests.Unit.DevicesControllerTests" name="GetDevice_WithInvalidId_ShouldReturnNotFound" />
    </UnitTest>
    <UnitTest name="USBDeviceManager.Tests.Unit.SimRacingContextTests.DeviceStatus_CascadeDelete_ShouldRemoveStatusesWhenDeviceDeleted" storage="e:\workspaces\git\simracing\usbdevicemanager\server\usbdevicemanager.tests\bin\debug\net8.0\usbdevicemanager.tests.dll" id="169ca4b2-e1ad-d05f-efb3-4af03e43c044">
      <Execution id="bbd7c4c2-2436-4dc7-98ad-eeeed6a9499b" />
      <TestMethod codeBase="E:\Workspaces\Git\SimRacing\USBDeviceManager\server\USBDeviceManager.Tests\bin\Debug\net8.0\USBDeviceManager.Tests.dll" adapterTypeName="executor://xunit/VsTestRunner2/netcoreapp" className="USBDeviceManager.Tests.Unit.SimRacingContextTests" name="DeviceStatus_CascadeDelete_ShouldRemoveStatusesWhenDeviceDeleted" />
    </UnitTest>
    <UnitTest name="USBDeviceManager.Tests.Unit.DevicesControllerTests.GetDeviceStatusHistory_WithCustomTimeRange_ShouldFilterCorrectly" storage="e:\workspaces\git\simracing\usbdevicemanager\server\usbdevicemanager.tests\bin\debug\net8.0\usbdevicemanager.tests.dll" id="0c4271a2-bc44-cc77-95ca-260e4b31813c">
      <Execution id="e9e20071-4e15-4769-8995-32dde0e757cd" />
      <TestMethod codeBase="E:\Workspaces\Git\SimRacing\USBDeviceManager\server\USBDeviceManager.Tests\bin\Debug\net8.0\USBDeviceManager.Tests.dll" adapterTypeName="executor://xunit/VsTestRunner2/netcoreapp" className="USBDeviceManager.Tests.Unit.DevicesControllerTests" name="GetDeviceStatusHistory_WithCustomTimeRange_ShouldFilterCorrectly" />
    </UnitTest>
    <UnitTest name="USBDeviceManager.Tests.Unit.DevicesControllerTests.UpdateDevice_WithValidData_ShouldUpdateSuccessfully" storage="e:\workspaces\git\simracing\usbdevicemanager\server\usbdevicemanager.tests\bin\debug\net8.0\usbdevicemanager.tests.dll" id="89bafb1a-9f4d-5471-245f-aa81225c0bc1">
      <Execution id="7a0920e5-fa2b-4bec-bf2b-4ddcec08c853" />
      <TestMethod codeBase="E:\Workspaces\Git\SimRacing\USBDeviceManager\server\USBDeviceManager.Tests\bin\Debug\net8.0\USBDeviceManager.Tests.dll" adapterTypeName="executor://xunit/VsTestRunner2/netcoreapp" className="USBDeviceManager.Tests.Unit.DevicesControllerTests" name="UpdateDevice_WithValidData_ShouldUpdateSuccessfully" />
    </UnitTest>
    <UnitTest name="USBDeviceManager.Tests.Unit.DevicesControllerTests.DeleteDevice_WithInvalidId_ShouldReturnNotFound" storage="e:\workspaces\git\simracing\usbdevicemanager\server\usbdevicemanager.tests\bin\debug\net8.0\usbdevicemanager.tests.dll" id="c07b4c16-1b49-3471-966b-a99d04304369">
      <Execution id="f0179237-1b12-40db-9bdd-568ba0c032ac" />
      <TestMethod codeBase="E:\Workspaces\Git\SimRacing\USBDeviceManager\server\USBDeviceManager.Tests\bin\Debug\net8.0\USBDeviceManager.Tests.dll" adapterTypeName="executor://xunit/VsTestRunner2/netcoreapp" className="USBDeviceManager.Tests.Unit.DevicesControllerTests" name="DeleteDevice_WithInvalidId_ShouldReturnNotFound" />
    </UnitTest>
    <UnitTest name="USBDeviceManager.Tests.Unit.SimRacingContextTests.DeviceStatus_TimestampIndexing_ShouldSupportTimeRangeQueries" storage="e:\workspaces\git\simracing\usbdevicemanager\server\usbdevicemanager.tests\bin\debug\net8.0\usbdevicemanager.tests.dll" id="b1dad546-500d-cd56-ee42-50d78ac58dbc">
      <Execution id="df32e13e-6791-4a23-b130-06275f068e4a" />
      <TestMethod codeBase="E:\Workspaces\Git\SimRacing\USBDeviceManager\server\USBDeviceManager.Tests\bin\Debug\net8.0\USBDeviceManager.Tests.dll" adapterTypeName="executor://xunit/VsTestRunner2/netcoreapp" className="USBDeviceManager.Tests.Unit.SimRacingContextTests" name="DeviceStatus_TimestampIndexing_ShouldSupportTimeRangeQueries" />
    </UnitTest>
    <UnitTest name="USBDeviceManager.Tests.Unit.DevicesControllerTests.GetDeviceStatus_WithExistingStatus_ShouldReturnLatestStatus" storage="e:\workspaces\git\simracing\usbdevicemanager\server\usbdevicemanager.tests\bin\debug\net8.0\usbdevicemanager.tests.dll" id="48dd7249-92a0-4a7a-6c43-cdb1f540ec07">
      <Execution id="4b9c89b7-89b8-49a3-be3d-1b75413b47d0" />
      <TestMethod codeBase="E:\Workspaces\Git\SimRacing\USBDeviceManager\server\USBDeviceManager.Tests\bin\Debug\net8.0\USBDeviceManager.Tests.dll" adapterTypeName="executor://xunit/VsTestRunner2/netcoreapp" className="USBDeviceManager.Tests.Unit.DevicesControllerTests" name="GetDeviceStatus_WithExistingStatus_ShouldReturnLatestStatus" />
    </UnitTest>
    <UnitTest name="USBDeviceManager.Tests.Unit.SimRacingContextTests.AutomationRule_ValidTriggerActionCombinations_ShouldPersistCorrectly(trigger: SystemStartup, action: RunScript)" storage="e:\workspaces\git\simracing\usbdevicemanager\server\usbdevicemanager.tests\bin\debug\net8.0\usbdevicemanager.tests.dll" id="1c1c5e0d-8238-1688-2379-47cd29febe69">
      <Execution id="83acc6e2-d774-4f6d-b47f-929df4abde50" />
      <TestMethod codeBase="E:\Workspaces\Git\SimRacing\USBDeviceManager\server\USBDeviceManager.Tests\bin\Debug\net8.0\USBDeviceManager.Tests.dll" adapterTypeName="executor://xunit/VsTestRunner2/netcoreapp" className="USBDeviceManager.Tests.Unit.SimRacingContextTests" name="AutomationRule_ValidTriggerActionCombinations_ShouldPersistCorrectly" />
    </UnitTest>
    <UnitTest name="USBDeviceManager.Tests.Unit.DevicesControllerTests.GetDeviceStatus_WithNoStatus_ShouldReturnNotFound" storage="e:\workspaces\git\simracing\usbdevicemanager\server\usbdevicemanager.tests\bin\debug\net8.0\usbdevicemanager.tests.dll" id="1ec54255-633f-fd54-587f-350cc5bf77ca">
      <Execution id="cca33e09-2bcd-4af4-9053-e3f760d1207c" />
      <TestMethod codeBase="E:\Workspaces\Git\SimRacing\USBDeviceManager\server\USBDeviceManager.Tests\bin\Debug\net8.0\USBDeviceManager.Tests.dll" adapterTypeName="executor://xunit/VsTestRunner2/netcoreapp" className="USBDeviceManager.Tests.Unit.DevicesControllerTests" name="GetDeviceStatus_WithNoStatus_ShouldReturnNotFound" />
    </UnitTest>
    <UnitTest name="USBDeviceManager.Tests.Unit.DevicesControllerTests.UpdateDevice_WithNonExistentDevice_ShouldReturnNotFound" storage="e:\workspaces\git\simracing\usbdevicemanager\server\usbdevicemanager.tests\bin\debug\net8.0\usbdevicemanager.tests.dll" id="406d650e-8af5-b5ed-34f1-6010e3d56165">
      <Execution id="afc8f0b1-6320-415b-8074-57367f73021a" />
      <TestMethod codeBase="E:\Workspaces\Git\SimRacing\USBDeviceManager\server\USBDeviceManager.Tests\bin\Debug\net8.0\USBDeviceManager.Tests.dll" adapterTypeName="executor://xunit/VsTestRunner2/netcoreapp" className="USBDeviceManager.Tests.Unit.DevicesControllerTests" name="UpdateDevice_WithNonExistentDevice_ShouldReturnNotFound" />
    </UnitTest>
    <UnitTest name="USBDeviceManager.Tests.Unit.SimRacingContextTests.SystemStatus_MultipleEntries_ShouldStoreChronologically" storage="e:\workspaces\git\simracing\usbdevicemanager\server\usbdevicemanager.tests\bin\debug\net8.0\usbdevicemanager.tests.dll" id="ced52e83-96b5-9909-989d-25eb4ce217f9">
      <Execution id="1afd3561-c169-4fe4-9e63-3616369f0fc0" />
      <TestMethod codeBase="E:\Workspaces\Git\SimRacing\USBDeviceManager\server\USBDeviceManager.Tests\bin\Debug\net8.0\USBDeviceManager.Tests.dll" adapterTypeName="executor://xunit/VsTestRunner2/netcoreapp" className="USBDeviceManager.Tests.Unit.SimRacingContextTests" name="SystemStatus_MultipleEntries_ShouldStoreChronologically" />
    </UnitTest>
    <UnitTest name="USBDeviceManager.Tests.Unit.DevicesControllerTests.ToggleDevice_WithValidDevice_ShouldUpdateEnabledState" storage="e:\workspaces\git\simracing\usbdevicemanager\server\usbdevicemanager.tests\bin\debug\net8.0\usbdevicemanager.tests.dll" id="4d313015-194c-2c15-b8fc-b349d2d65c4b">
      <Execution id="5f079a36-3cff-49d2-b042-f70a6b805fbe" />
      <TestMethod codeBase="E:\Workspaces\Git\SimRacing\USBDeviceManager\server\USBDeviceManager.Tests\bin\Debug\net8.0\USBDeviceManager.Tests.dll" adapterTypeName="executor://xunit/VsTestRunner2/netcoreapp" className="USBDeviceManager.Tests.Unit.DevicesControllerTests" name="ToggleDevice_WithValidDevice_ShouldUpdateEnabledState" />
    </UnitTest>
    <UnitTest name="USBDeviceManager.Tests.Unit.DevicesControllerTests.GetDevices_WithMultipleDevices_ShouldReturnAllDevices" storage="e:\workspaces\git\simracing\usbdevicemanager\server\usbdevicemanager.tests\bin\debug\net8.0\usbdevicemanager.tests.dll" id="6215f624-50bc-e02b-aa25-8a2b79fe3900">
      <Execution id="b3270921-d1bf-4a83-a4a1-3e57ab300b35" />
      <TestMethod codeBase="E:\Workspaces\Git\SimRacing\USBDeviceManager\server\USBDeviceManager.Tests\bin\Debug\net8.0\USBDeviceManager.Tests.dll" adapterTypeName="executor://xunit/VsTestRunner2/netcoreapp" className="USBDeviceManager.Tests.Unit.DevicesControllerTests" name="GetDevices_WithMultipleDevices_ShouldReturnAllDevices" />
    </UnitTest>
    <UnitTest name="USBDeviceManager.Tests.Unit.DevicesControllerTests.CreateDevice_WithInvalidName_ShouldHandleValidationError(invalidName: null)" storage="e:\workspaces\git\simracing\usbdevicemanager\server\usbdevicemanager.tests\bin\debug\net8.0\usbdevicemanager.tests.dll" id="d79e71f7-b631-4aad-1118-906af570de45">
      <Execution id="15db293d-ddf1-45fd-946b-5073ef2ffa6f" />
      <TestMethod codeBase="E:\Workspaces\Git\SimRacing\USBDeviceManager\server\USBDeviceManager.Tests\bin\Debug\net8.0\USBDeviceManager.Tests.dll" adapterTypeName="executor://xunit/VsTestRunner2/netcoreapp" className="USBDeviceManager.Tests.Unit.DevicesControllerTests" name="CreateDevice_WithInvalidName_ShouldHandleValidationError" />
    </UnitTest>
    <UnitTest name="USBDeviceManager.Tests.Unit.DevicesControllerTests.CreateDevice_WithInvalidName_ShouldHandleValidationError(invalidName: &quot;&quot;)" storage="e:\workspaces\git\simracing\usbdevicemanager\server\usbdevicemanager.tests\bin\debug\net8.0\usbdevicemanager.tests.dll" id="9a918b46-5485-38e1-6195-d63ff70e4cb3">
      <Execution id="55c5be06-c1c6-4389-9371-8625a48136ec" />
      <TestMethod codeBase="E:\Workspaces\Git\SimRacing\USBDeviceManager\server\USBDeviceManager.Tests\bin\Debug\net8.0\USBDeviceManager.Tests.dll" adapterTypeName="executor://xunit/VsTestRunner2/netcoreapp" className="USBDeviceManager.Tests.Unit.DevicesControllerTests" name="CreateDevice_WithInvalidName_ShouldHandleValidationError" />
    </UnitTest>
    <UnitTest name="USBDeviceManager.Tests.Unit.SimRacingContextTests.AutomationRule_ValidTriggerActionCombinations_ShouldPersistCorrectly(trigger: DeviceConnected, action: StartSoftware)" storage="e:\workspaces\git\simracing\usbdevicemanager\server\usbdevicemanager.tests\bin\debug\net8.0\usbdevicemanager.tests.dll" id="098cb17d-e2b2-5267-5d78-712bff861267">
      <Execution id="fd0c8a57-6d5d-425e-b006-6c7b97d476e2" />
      <TestMethod codeBase="E:\Workspaces\Git\SimRacing\USBDeviceManager\server\USBDeviceManager.Tests\bin\Debug\net8.0\USBDeviceManager.Tests.dll" adapterTypeName="executor://xunit/VsTestRunner2/netcoreapp" className="USBDeviceManager.Tests.Unit.SimRacingContextTests" name="AutomationRule_ValidTriggerActionCombinations_ShouldPersistCorrectly" />
    </UnitTest>
    <UnitTest name="USBDeviceManager.Tests.Unit.SimRacingContextTests.HealthMetric_DifferentSources_ShouldGroupByMetricName" storage="e:\workspaces\git\simracing\usbdevicemanager\server\usbdevicemanager.tests\bin\debug\net8.0\usbdevicemanager.tests.dll" id="6ad19d2e-a5a2-77e2-d835-2be38a21fbe5">
      <Execution id="87b78561-c5ff-42c2-9a1d-11161e8ac658" />
      <TestMethod codeBase="E:\Workspaces\Git\SimRacing\USBDeviceManager\server\USBDeviceManager.Tests\bin\Debug\net8.0\USBDeviceManager.Tests.dll" adapterTypeName="executor://xunit/VsTestRunner2/netcoreapp" className="USBDeviceManager.Tests.Unit.SimRacingContextTests" name="HealthMetric_DifferentSources_ShouldGroupByMetricName" />
    </UnitTest>
    <UnitTest name="USBDeviceManager.Tests.Unit.DevicesControllerTests.ToggleDevice_WithInvalidDevice_ShouldReturnNotFound" storage="e:\workspaces\git\simracing\usbdevicemanager\server\usbdevicemanager.tests\bin\debug\net8.0\usbdevicemanager.tests.dll" id="7f78dc9e-dca3-2220-bd77-eeade20ce57a">
      <Execution id="b376377e-ddd1-43ae-a2ca-32b0a73d444a" />
      <TestMethod codeBase="E:\Workspaces\Git\SimRacing\USBDeviceManager\server\USBDeviceManager.Tests\bin\Debug\net8.0\USBDeviceManager.Tests.dll" adapterTypeName="executor://xunit/VsTestRunner2/netcoreapp" className="USBDeviceManager.Tests.Unit.DevicesControllerTests" name="ToggleDevice_WithInvalidDevice_ShouldReturnNotFound" />
    </UnitTest>
    <UnitTest name="USBDeviceManager.Tests.Unit.SimRacingContextTests.RuleExecution_CascadeDelete_ShouldRemoveExecutionsWhenRuleDeleted" storage="e:\workspaces\git\simracing\usbdevicemanager\server\usbdevicemanager.tests\bin\debug\net8.0\usbdevicemanager.tests.dll" id="a757b74b-5eb6-6ff1-0405-604fe3022a30">
      <Execution id="bbfb8608-b90c-4e9f-8a66-06e1dc1769b3" />
      <TestMethod codeBase="E:\Workspaces\Git\SimRacing\USBDeviceManager\server\USBDeviceManager.Tests\bin\Debug\net8.0\USBDeviceManager.Tests.dll" adapterTypeName="executor://xunit/VsTestRunner2/netcoreapp" className="USBDeviceManager.Tests.Unit.SimRacingContextTests" name="RuleExecution_CascadeDelete_ShouldRemoveExecutionsWhenRuleDeleted" />
    </UnitTest>
    <UnitTest name="USBDeviceManager.Tests.Unit.SimRacingContextTests.AutomationRule_WithDeviceAndSoftwareReferences_ShouldMaintainRelationships" storage="e:\workspaces\git\simracing\usbdevicemanager\server\usbdevicemanager.tests\bin\debug\net8.0\usbdevicemanager.tests.dll" id="68a205d8-ee11-30f5-8f98-eea37a2e1ff9">
      <Execution id="2100ee07-5caa-4a88-9f6f-305376840f7d" />
      <TestMethod codeBase="E:\Workspaces\Git\SimRacing\USBDeviceManager\server\USBDeviceManager.Tests\bin\Debug\net8.0\USBDeviceManager.Tests.dll" adapterTypeName="executor://xunit/VsTestRunner2/netcoreapp" className="USBDeviceManager.Tests.Unit.SimRacingContextTests" name="AutomationRule_WithDeviceAndSoftwareReferences_ShouldMaintainRelationships" />
    </UnitTest>
    <UnitTest name="USBDeviceManager.Tests.Unit.DevicesControllerTests.ScanForDevices_ShouldReturnSuccessResponse" storage="e:\workspaces\git\simracing\usbdevicemanager\server\usbdevicemanager.tests\bin\debug\net8.0\usbdevicemanager.tests.dll" id="87f1b0b9-2b70-a7e4-83ed-8d6c0cec1764">
      <Execution id="7554394d-5c48-4c61-8178-2fb4e1384a0c" />
      <TestMethod codeBase="E:\Workspaces\Git\SimRacing\USBDeviceManager\server\USBDeviceManager.Tests\bin\Debug\net8.0\USBDeviceManager.Tests.dll" adapterTypeName="executor://xunit/VsTestRunner2/netcoreapp" className="USBDeviceManager.Tests.Unit.DevicesControllerTests" name="ScanForDevices_ShouldReturnSuccessResponse" />
    </UnitTest>
    <UnitTest name="USBDeviceManager.Tests.Unit.SimRacingContextTests.AutomationRule_ValidTriggerActionCombinations_ShouldPersistCorrectly(trigger: DeviceDisconnected, action: StopSoftware)" storage="e:\workspaces\git\simracing\usbdevicemanager\server\usbdevicemanager.tests\bin\debug\net8.0\usbdevicemanager.tests.dll" id="66a31e2c-83cb-80a2-ffb5-d821c399229b">
      <Execution id="02c59c64-537a-4a28-a812-fd358424e4bc" />
      <TestMethod codeBase="E:\Workspaces\Git\SimRacing\USBDeviceManager\server\USBDeviceManager.Tests\bin\Debug\net8.0\USBDeviceManager.Tests.dll" adapterTypeName="executor://xunit/VsTestRunner2/netcoreapp" className="USBDeviceManager.Tests.Unit.SimRacingContextTests" name="AutomationRule_ValidTriggerActionCombinations_ShouldPersistCorrectly" />
    </UnitTest>
    <UnitTest name="USBDeviceManager.Tests.Unit.SimRacingContextTests.ManagedSoftware_RequiredFields_ShouldEnforceValidation" storage="e:\workspaces\git\simracing\usbdevicemanager\server\usbdevicemanager.tests\bin\debug\net8.0\usbdevicemanager.tests.dll" id="7cb87aea-7170-76dc-3fe3-a772230ccea6">
      <Execution id="4e9b1533-0266-426e-b0e3-288b4c1d0fc0" />
      <TestMethod codeBase="E:\Workspaces\Git\SimRacing\USBDeviceManager\server\USBDeviceManager.Tests\bin\Debug\net8.0\USBDeviceManager.Tests.dll" adapterTypeName="executor://xunit/VsTestRunner2/netcoreapp" className="USBDeviceManager.Tests.Unit.SimRacingContextTests" name="ManagedSoftware_RequiredFields_ShouldEnforceValidation" />
    </UnitTest>
    <UnitTest name="USBDeviceManager.Tests.Unit.SimRacingContextTests.AddUsbDevice_ShouldCreateDeviceSuccessfully" storage="e:\workspaces\git\simracing\usbdevicemanager\server\usbdevicemanager.tests\bin\debug\net8.0\usbdevicemanager.tests.dll" id="7fce1116-eee6-8bbf-d272-1140bf7b3e2c">
      <Execution id="eee4e3e9-ae26-40c0-a804-ad519d0092fc" />
      <TestMethod codeBase="E:\Workspaces\Git\SimRacing\USBDeviceManager\server\USBDeviceManager.Tests\bin\Debug\net8.0\USBDeviceManager.Tests.dll" adapterTypeName="executor://xunit/VsTestRunner2/netcoreapp" className="USBDeviceManager.Tests.Unit.SimRacingContextTests" name="AddUsbDevice_ShouldCreateDeviceSuccessfully" />
    </UnitTest>
    <UnitTest name="USBDeviceManager.Tests.Unit.SimRacingContextTests.UsbDevice_UniqueDeviceId_ShouldEnforceConstraint" storage="e:\workspaces\git\simracing\usbdevicemanager\server\usbdevicemanager.tests\bin\debug\net8.0\usbdevicemanager.tests.dll" id="752133f3-9301-dcc1-abd3-d209d41cc939">
      <Execution id="7d80edc6-dafc-4328-ac1b-4c0683c1918a" />
      <TestMethod codeBase="E:\Workspaces\Git\SimRacing\USBDeviceManager\server\USBDeviceManager.Tests\bin\Debug\net8.0\USBDeviceManager.Tests.dll" adapterTypeName="executor://xunit/VsTestRunner2/netcoreapp" className="USBDeviceManager.Tests.Unit.SimRacingContextTests" name="UsbDevice_UniqueDeviceId_ShouldEnforceConstraint" />
    </UnitTest>
  </TestDefinitions>
  <TestEntries>
    <TestEntry testId="752133f3-9301-dcc1-abd3-d209d41cc939" executionId="7d80edc6-dafc-4328-ac1b-4c0683c1918a" testListId="8c84fa94-04c1-424b-9868-57a2d4851a1d" />
    <TestEntry testId="89bafb1a-9f4d-5471-245f-aa81225c0bc1" executionId="7a0920e5-fa2b-4bec-bf2b-4ddcec08c853" testListId="8c84fa94-04c1-424b-9868-57a2d4851a1d" />
    <TestEntry testId="d79e71f7-b631-4aad-1118-906af570de45" executionId="15db293d-ddf1-45fd-946b-5073ef2ffa6f" testListId="8c84fa94-04c1-424b-9868-57a2d4851a1d" />
    <TestEntry testId="48dd7249-92a0-4a7a-6c43-cdb1f540ec07" executionId="4b9c89b7-89b8-49a3-be3d-1b75413b47d0" testListId="8c84fa94-04c1-424b-9868-57a2d4851a1d" />
    <TestEntry testId="4d313015-194c-2c15-b8fc-b349d2d65c4b" executionId="5f079a36-3cff-49d2-b042-f70a6b805fbe" testListId="8c84fa94-04c1-424b-9868-57a2d4851a1d" />
    <TestEntry testId="87f1b0b9-2b70-a7e4-83ed-8d6c0cec1764" executionId="7554394d-5c48-4c61-8178-2fb4e1384a0c" testListId="8c84fa94-04c1-424b-9868-57a2d4851a1d" />
    <TestEntry testId="b1dad546-500d-cd56-ee42-50d78ac58dbc" executionId="df32e13e-6791-4a23-b130-06275f068e4a" testListId="8c84fa94-04c1-424b-9868-57a2d4851a1d" />
    <TestEntry testId="66a31e2c-83cb-80a2-ffb5-d821c399229b" executionId="02c59c64-537a-4a28-a812-fd358424e4bc" testListId="8c84fa94-04c1-424b-9868-57a2d4851a1d" />
    <TestEntry testId="ced52e83-96b5-9909-989d-25eb4ce217f9" executionId="1afd3561-c169-4fe4-9e63-3616369f0fc0" testListId="8c84fa94-04c1-424b-9868-57a2d4851a1d" />
    <TestEntry testId="9fe1b9c4-ef45-0b6f-5097-63e9435ad4df" executionId="fa2a0a12-0ec4-49e3-9bb9-f0334102640b" testListId="8c84fa94-04c1-424b-9868-57a2d4851a1d" />
    <TestEntry testId="6ad19d2e-a5a2-77e2-d835-2be38a21fbe5" executionId="87b78561-c5ff-42c2-9a1d-11161e8ac658" testListId="8c84fa94-04c1-424b-9868-57a2d4851a1d" />
    <TestEntry testId="c07b4c16-1b49-3471-966b-a99d04304369" executionId="f0179237-1b12-40db-9bdd-568ba0c032ac" testListId="8c84fa94-04c1-424b-9868-57a2d4851a1d" />
    <TestEntry testId="7f78dc9e-dca3-2220-bd77-eeade20ce57a" executionId="b376377e-ddd1-43ae-a2ca-32b0a73d444a" testListId="8c84fa94-04c1-424b-9868-57a2d4851a1d" />
    <TestEntry testId="57943011-683c-d008-e817-e7739d5b7bbb" executionId="6b03193e-5a73-49cc-bbde-1b4347d0d7e5" testListId="8c84fa94-04c1-424b-9868-57a2d4851a1d" />
    <TestEntry testId="9996432f-8d01-ebc3-ef1e-714693e03c4d" executionId="3ddad634-bd42-4bd0-aab4-c5e23c671a8e" testListId="8c84fa94-04c1-424b-9868-57a2d4851a1d" />
    <TestEntry testId="098cb17d-e2b2-5267-5d78-712bff861267" executionId="fd0c8a57-6d5d-425e-b006-6c7b97d476e2" testListId="8c84fa94-04c1-424b-9868-57a2d4851a1d" />
    <TestEntry testId="169ca4b2-e1ad-d05f-efb3-4af03e43c044" executionId="bbd7c4c2-2436-4dc7-98ad-eeeed6a9499b" testListId="8c84fa94-04c1-424b-9868-57a2d4851a1d" />
    <TestEntry testId="35f978ee-9e64-2588-7a60-cea7cc4d8e2a" executionId="f71ab67f-5359-48c8-8c7f-261097597a34" testListId="8c84fa94-04c1-424b-9868-57a2d4851a1d" />
    <TestEntry testId="9ac3d203-a2da-300d-dac1-b1011d17ce5a" executionId="769bd51c-3404-4112-8c49-dc01e81d09a7" testListId="8c84fa94-04c1-424b-9868-57a2d4851a1d" />
    <TestEntry testId="7fce1116-eee6-8bbf-d272-1140bf7b3e2c" executionId="eee4e3e9-ae26-40c0-a804-ad519d0092fc" testListId="8c84fa94-04c1-424b-9868-57a2d4851a1d" />
    <TestEntry testId="3577e245-324e-33c4-1008-069c2b1446a3" executionId="7cd75f29-ab6e-4bb7-b1e3-1dabbcb47976" testListId="8c84fa94-04c1-424b-9868-57a2d4851a1d" />
    <TestEntry testId="68a205d8-ee11-30f5-8f98-eea37a2e1ff9" executionId="2100ee07-5caa-4a88-9f6f-305376840f7d" testListId="8c84fa94-04c1-424b-9868-57a2d4851a1d" />
    <TestEntry testId="6215f624-50bc-e02b-aa25-8a2b79fe3900" executionId="b3270921-d1bf-4a83-a4a1-3e57ab300b35" testListId="8c84fa94-04c1-424b-9868-57a2d4851a1d" />
    <TestEntry testId="1ec54255-633f-fd54-587f-350cc5bf77ca" executionId="cca33e09-2bcd-4af4-9053-e3f760d1207c" testListId="8c84fa94-04c1-424b-9868-57a2d4851a1d" />
    <TestEntry testId="9a918b46-5485-38e1-6195-d63ff70e4cb3" executionId="55c5be06-c1c6-4389-9371-8625a48136ec" testListId="8c84fa94-04c1-424b-9868-57a2d4851a1d" />
    <TestEntry testId="a757b74b-5eb6-6ff1-0405-604fe3022a30" executionId="bbfb8608-b90c-4e9f-8a66-06e1dc1769b3" testListId="8c84fa94-04c1-424b-9868-57a2d4851a1d" />
    <TestEntry testId="7cb87aea-7170-76dc-3fe3-a772230ccea6" executionId="4e9b1533-0266-426e-b0e3-288b4c1d0fc0" testListId="8c84fa94-04c1-424b-9868-57a2d4851a1d" />
    <TestEntry testId="1c1c5e0d-8238-1688-2379-47cd29febe69" executionId="83acc6e2-d774-4f6d-b47f-929df4abde50" testListId="8c84fa94-04c1-424b-9868-57a2d4851a1d" />
    <TestEntry testId="0c4271a2-bc44-cc77-95ca-260e4b31813c" executionId="e9e20071-4e15-4769-8995-32dde0e757cd" testListId="8c84fa94-04c1-424b-9868-57a2d4851a1d" />
    <TestEntry testId="406d650e-8af5-b5ed-34f1-6010e3d56165" executionId="afc8f0b1-6320-415b-8074-57367f73021a" testListId="8c84fa94-04c1-424b-9868-57a2d4851a1d" />
    <TestEntry testId="e7ea919c-cf75-b430-b71c-f75f864707f6" executionId="cd43e390-c23b-4737-b053-d8f14f712038" testListId="8c84fa94-04c1-424b-9868-57a2d4851a1d" />
    <TestEntry testId="4cadfce5-dfb9-f81b-0695-40b2b2e617e8" executionId="8545c998-5946-4f7b-8ae9-d2fd9f187668" testListId="8c84fa94-04c1-424b-9868-57a2d4851a1d" />
  </TestEntries>
  <TestLists>
    <TestList name="Risultati non in elenco" id="8c84fa94-04c1-424b-9868-57a2d4851a1d" />
    <TestList name="Tutti i risultati caricati" id="19431567-8539-422a-85d7-44ee4e166bda" />
  </TestLists>
  <ResultSummary outcome="Completed">
    <Counters total="32" executed="32" passed="32" failed="0" error="0" timeout="0" aborted="0" inconclusive="0" passedButRunAborted="0" notRunnable="0" notExecuted="0" disconnected="0" warning="0" completed="0" inProgress="0" pending="0" />
    <Output>
      <StdOut>[xUnit.net 00:00:00.00] xUnit.net VSTest Adapter v2.5.3.1+6b60a9e56a (64-bit .NET 8.0.23)&#xD;
[xUnit.net 00:00:00.05]   Discovering: USBDeviceManager.Tests&#xD;
[xUnit.net 00:00:00.09]   Discovered:  USBDeviceManager.Tests&#xD;
[xUnit.net 00:00:00.09]   Starting:    USBDeviceManager.Tests&#xD;
[xUnit.net 00:00:01.20]   Finished:    USBDeviceManager.Tests&#xD;
</StdOut>
    </Output>
  </ResultSummary>
</TestRun>